../Core/Src/main.c:141:6:Critical_section_Uart	16	static
../Core/Src/main.c:150:6:HAL_UART_TxCpltCallback	16	static
../Core/Src/main.c:155:6:HAL_UART_RxCpltCallback	16	static
../Core/Src/main.c:283:6:get_sinval	16	static
../Core/Src/main.c:314:6:PowerMag	40	static
../Core/Src/main.c:340:6:Power_Phase_Radians	48	static
../Core/Src/main.c:370:6:DSP_FFTPhase	8	static
../Core/Src/main.c:394:6:buffer_value_set	16	static
../Core/Src/main.c:405:6:timer_callback	32	static
../Core/Src/main.c:475:5:main	16	static
../Core/Src/main.c:577:6:SystemClock_Config	88	static
../Core/Src/main.c:624:13:MX_ADC1_Init	24	static
../Core/Src/main.c:676:13:MX_DAC_Init	16	static
../Core/Src/main.c:716:13:MX_SPI3_Init	8	static
../Core/Src/main.c:754:13:MX_TIM2_Init	32	static
../Core/Src/main.c:799:13:MX_TIM3_Init	32	static
../Core/Src/main.c:844:13:MX_UART4_Init	8	static
../Core/Src/main.c:877:13:MX_USART2_UART_Init	8	static
../Core/Src/main.c:908:13:MX_DMA_Init	16	static
../Core/Src/main.c:939:13:MX_GPIO_Init	40	static
../Core/Src/main.c:961:6:Scope1_task	40	static
../Core/Src/main.c:983:6:Scope2_task	24	static
../Core/Src/main.c:1017:6:Data_task	32	static
../Core/Src/main.c:1034:6:FFT_task	32	static
../Core/Src/main.c:1062:6:SD_task	32	static
../Core/Src/main.c:1130:6:HAL_ADC_ConvCpltCallback	16	static
../Core/Src/main.c:1147:6:HAL_TIM_PeriodElapsedCallback	16	static
../Core/Src/main.c:1167:6:Error_Handler	4	static,ignoring_inline_asm
